
> @dodomain/node@0.1.0 build C:\Users\alaed\Documents\Github\dodomain\packages\node
> tsup

[34mCLI[39m Building entry: src/index.ts
[34mCLI[39m Using tsconfig: tsconfig.json
[34mCLI[39m tsup v8.5.1
[34mCLI[39m Using tsup config: C:\Users\alaed\Documents\Github\dodomain\packages\node\tsup.config.ts
[34mCLI[39m Target: node20
[34mCLI[39m Cleaning output folder
[34mESM[39m Build start
[34mCJS[39m Build start
[34mDTS[39m Build start
[32mDTS[39m ⚡️ Build success in 6508ms
[32mDTS[39m [1mdist\index.d.ts  [22m[32m2.20 KB[39m
[32mDTS[39m [1mdist\index.d.cts [22m[32m2.20 KB[39m
[32mCJS[39m [1mdist\index.cjs     [22m[32m548.80 KB[39m
[32mCJS[39m [1mdist\index.cjs.map [22m[32m939.35 KB[39m
[32mCJS[39m ⚡️ Build success in 11725ms
[32mESM[39m [1mdist\index.js     [22m[32m547.87 KB[39m
[32mESM[39m [1mdist\index.js.map [22m[32m939.28 KB[39m
[32mESM[39m ⚡️ Build success in 11778ms
